model=dat_2dcnn_lstm  arm=CubeLearn (lpp_lr=0.0001)  seed=2  device=cuda:0
  train       540 samples
  val         180 samples
  test_in     360 samples
  test_out    360 samples
  params: 2726302 classifier + 41984 transform
[  1/30] train 0.1630 (1.8056)  val 0.1667 (1.7894) *saved  13s
[  2/30] train 0.2333 (1.7516)  val 0.3167 (1.7197) *saved  20s
[  3/30] train 0.3444 (1.5052)  val 0.3333 (1.2998) *saved  28s
[  4/30] train 0.3556 (1.2796)  val 0.4111 (1.2190) *saved  35s
[  5/30] train 0.4685 (1.1382)  val 0.5444 (1.0850) *saved  43s
[  6/30] train 0.5370 (1.0620)  val 0.6333 (0.9613) *saved  51s
[  7/30] train 0.6130 (0.8925)  val 0.6444 (0.8560) *saved  59s
[  8/30] train 0.6370 (0.8260)  val 0.6778 (0.7683) *saved  66s
[  9/30] train 0.6204 (0.7848)  val 0.7056 (0.7258) *saved  74s
[ 10/30] train 0.6926 (0.6997)  val 0.7167 (0.6675) *saved  82s
[ 11/30] train 0.6537 (0.7335)  val 0.5667 (0.8615)  90s
[ 12/30] train 0.6481 (0.7911)  val 0.6278 (0.7312)  97s
[ 13/30] train 0.6648 (0.7160)  val 0.7167 (0.6325) *saved  105s
[ 14/30] train 0.7481 (0.5643)  val 0.7778 (0.5294) *saved  113s
[ 15/30] train 0.7889 (0.4874)  val 0.8000 (0.4571) *saved  121s
[ 16/30] train 0.8111 (0.4318)  val 0.7944 (0.4853)  129s
[ 17/30] train 0.7981 (0.4501)  val 0.7611 (0.4683)  138s
[ 18/30] train 0.8130 (0.4089)  val 0.8278 (0.3764) *saved  145s
[ 19/30] train 0.8315 (0.4313)  val 0.7556 (0.5541)  154s
[ 20/30] train 0.8111 (0.4295)  val 0.8167 (0.4291)  163s
[ 21/30] train 0.8481 (0.3693)  val 0.8056 (0.4540)  172s
[ 22/30] train 0.8741 (0.3065)  val 0.8389 (0.3740) *saved  181s
[ 23/30] train 0.8426 (0.3369)  val 0.8500 (0.3455) *saved  189s
[ 24/30] train 0.8963 (0.2694)  val 0.8833 (0.2973) *saved  200s
[ 25/30] train 0.9074 (0.2366)  val 0.8611 (0.3174)  208s
[ 26/30] train 0.8963 (0.2499)  val 0.8556 (0.3020)  215s
[ 27/30] train 0.9278 (0.1936)  val 0.8556 (0.3486)  223s
[ 28/30] train 0.9296 (0.1792)  val 0.9111 (0.2398) *saved  231s
[ 29/30] train 0.9519 (0.1474)  val 0.8944 (0.2173)  241s
[ 30/30] train 0.9352 (0.1601)  val 0.9167 (0.1838) *saved  252s

best epoch 30, val acc 0.9167
test_in   acc 90.83%  loss 0.2187
     98.33%  marching on the spot
    100.00%  jogging on the spot
     96.67%  clapping
     51.67%  waving right hand
     98.33%  sweeping the floor with right hand
    100.00%  rubbing left arm with right hand
test_out  acc 81.39%  loss 0.6543
    100.00%  marching on the spot
     93.33%  jogging on the spot
    100.00%  clapping
      8.33%  waving right hand
     86.67%  sweeping the floor with right hand
    100.00%  rubbing left arm with right hand

wrote /mnt/weka/fgeikyan/rf-perception-papers/cubelearn/results/dat_2dcnn_lstm/cubelearn/diag20260909_seed2_bs32/results.json
