model=dat_2dcnn_lstm  arm=DFT (frozen)  seed=2  device=cuda:0
  train       540 samples
  val         180 samples
  test_in     360 samples
  test_out    360 samples
  params: 2726302 classifier + 41984 transform
[  1/30] train 0.1648 (1.8055)  val 0.1944 (1.7892) *saved  9s
[  2/30] train 0.2519 (1.7502)  val 0.3444 (1.7038) *saved  17s
[  3/30] train 0.3500 (1.4711)  val 0.3667 (1.2755) *saved  24s
[  4/30] train 0.4056 (1.2313)  val 0.4222 (1.1589) *saved  33s
[  5/30] train 0.4315 (1.1521)  val 0.5611 (1.1057) *saved  41s
[  6/30] train 0.5500 (1.0546)  val 0.4222 (1.1806)  48s
[  7/30] train 0.5759 (0.9407)  val 0.5611 (0.9582) *saved  58s
[  8/30] train 0.6111 (0.8734)  val 0.6389 (0.8259) *saved  66s
[  9/30] train 0.6574 (0.7467)  val 0.5167 (1.1505)  73s
[ 10/30] train 0.6278 (0.8118)  val 0.6000 (0.9876)  82s
[ 11/30] train 0.6741 (0.7464)  val 0.6833 (0.6593) *saved  90s
[ 12/30] train 0.6870 (0.6240)  val 0.6222 (0.7843)  99s
[ 13/30] train 0.6796 (0.6601)  val 0.6944 (0.6798) *saved  107s
[ 14/30] train 0.7056 (0.6185)  val 0.7778 (0.5976) *saved  115s
[ 15/30] train 0.7500 (0.5643)  val 0.7667 (0.5083)  123s
[ 16/30] train 0.7981 (0.4639)  val 0.8389 (0.4593) *saved  130s
[ 17/30] train 0.8037 (0.4435)  val 0.7944 (0.4486)  138s
[ 18/30] train 0.7926 (0.4468)  val 0.7778 (0.5300)  146s
[ 19/30] train 0.7963 (0.4966)  val 0.8000 (0.5080)  154s
[ 20/30] train 0.8167 (0.4053)  val 0.8500 (0.3690) *saved  162s
[ 21/30] train 0.7981 (0.4673)  val 0.7944 (0.4616)  171s
[ 22/30] train 0.8500 (0.3510)  val 0.8667 (0.3157) *saved  179s
[ 23/30] train 0.8537 (0.3557)  val 0.8333 (0.3773)  187s
[ 24/30] train 0.8500 (0.3194)  val 0.8556 (0.2909)  195s
[ 25/30] train 0.9074 (0.2496)  val 0.8278 (0.4067)  203s
[ 26/30] train 0.8944 (0.2590)  val 0.8500 (0.2827)  210s
[ 27/30] train 0.9130 (0.2097)  val 0.9000 (0.2305) *saved  218s
[ 28/30] train 0.8926 (0.2687)  val 0.7889 (0.4605)  226s
[ 29/30] train 0.8833 (0.2662)  val 0.9167 (0.2631) *saved  234s
[ 30/30] train 0.8778 (0.2867)  val 0.8833 (0.2688)  241s

best epoch 29, val acc 0.9167
test_in   acc 89.17%  loss 0.2749
     98.33%  marching on the spot
     98.33%  jogging on the spot
     78.33%  clapping
     86.67%  waving right hand
    100.00%  sweeping the floor with right hand
     73.33%  rubbing left arm with right hand
test_out  acc 74.72%  loss 0.5163
    100.00%  marching on the spot
     75.00%  jogging on the spot
     96.67%  clapping
     36.67%  waving right hand
     93.33%  sweeping the floor with right hand
     46.67%  rubbing left arm with right hand

wrote /mnt/weka/fgeikyan/rf-perception-papers/cubelearn/results/dat_2dcnn_lstm/dft/diag20260909_seed2_bs32/results.json
